C:/Users/danie/STM32Cube/Repository/STM32Cube_FW_F4_V1.27.1/Drivers/CMSIS/Include/core_cm4.h:1939:34:__NVIC_SystemReset	4	static,ignoring_inline_asm
../Core/Src/main.c:127:6:GPIO_Config	4	static
../Core/Src/main.c:159:6:I2C_Config	4	static
../Core/Src/main.c:192:6:I2C_Start	4	static
../Core/Src/main.c:197:6:I2C_Stop	4	static
../Core/Src/main.c:201:6:I2C_Write	16	static
../Core/Src/main.c:206:6:I2C_Wake	8	static
../Core/Src/main.c:217:6:start_sequence	16	static
../Core/Src/main.c:228:14:crc16	24	static
../Core/Src/main.c:248:6:AM2320_ReadData	32	static
../Core/Src/main.c:298:5:main	24	static
../Core/Src/main.c:401:6:SystemClock_Config	88	static
../Core/Src/main.c:447:13:MX_USART1_UART_Init	8	static
../Core/Src/main.c:480:13:MX_GPIO_Init	48	static
../Core/Src/main.c:536:6:Error_Handler	4	static,ignoring_inline_asm
../Core/Src/main.c:547:6:SysTick_Handler	8	static
